
> secondhand-api@0.0.1 test:e2e
> jest --config ./jest-e2e.json src/modules/auth/guards/jwt-auth-guard.e2e.spec.ts

  console.log
    [32m✔[0m [33mConsole Ninja[0m extension is connected to [33mNest.js[0m, see [36mhttps://tinyurl.com/2vt8jxzw[0m

      at new kL (../../.windsurf/extensions/wallabyjs.console-ninja-1.0.498-universal/out/buildHook/index.js:1:3989135)

FAIL src/modules/auth/guards/jwt-auth-guard.e2e.spec.ts
  JwtAuthGuard (E2E)
    @Public() 데코레이터
      ✓ Public 엔드포인트는 토큰 없이 접근 가능하다 (19 ms)
      ✓ 클래스 레벨 Guard가 있어도 @Public()이 우선한다 (3 ms)
    JWT Access Token 인증
      성공 케이스
        ✓ 유효한 Access Token으로 보호된 엔드포인트에 접근한다 (5 ms)
        ✓ 필수 필드만 있어도 인증에 성공한다 (2 ms)
      실패 케이스 - 토큰 없음/형식 오류
        ✓ 토큰이 없으면 401 에러를 반환한다 (2 ms)
        ✓ Bearer 스키마가 없으면 401 에러를 반환한다 (1 ms)
        ✓ 잘못된 형식의 토큰이면 401 에러를 반환한다 (1 ms)
      실패 케이스 - 토큰 만료
        ✓ 만료된 토큰이면 401 에러를 반환한다 (2 ms)
      실패 케이스 - 잘못된 서명
        ✓ 다른 secret으로 서명된 토큰이면 401 에러를 반환한다 (2 ms)
      실패 케이스 - 잘못된 토큰 타입
        ✕ Refresh Token으로 접근하면 401 에러를 반환한다 (2 ms)
      실패 케이스 - 필수 필드 누락
        ✓ sub(userId)가 없으면 401 에러를 반환한다 (1 ms)
        ✓ email이 없으면 401 에러를 반환한다 (2 ms)
        ✓ role이 없으면 401 에러를 반환한다 (1 ms)
    JWT Refresh Token 인증
      성공 케이스
        ✕ 유효한 Refresh Token으로 refresh 엔드포인트에 접근한다 (2 ms)
      실패 케이스
        ✕ Access Token으로 접근하면 401 에러를 반환한다 (2 ms)
        ✕ 만료된 Refresh Token이면 401 에러를 반환한다 (1 ms)
        ✕ Refresh Token이 없으면 401 에러를 반환한다 (1 ms)

  ● JwtAuthGuard (E2E) › JWT Access Token 인증 › 실패 케이스 - 잘못된 토큰 타입 › Refresh Token으로 접근하면 401 에러를 반환한다

    expect(received).toContain(expected) // indexOf

    Expected substring: "유효하지 않은 토큰 타입"
    Received string:    "jwt 인증오류: invalid signature"

      232 |           .set('Authorization', `Bearer ${refreshToken}`)
      233 |           .expect(401)
    > 234 |           .expect((res) => {
          |            ^
      235 |             expect(res.body.message).toContain('유효하지 않은 토큰 타입');
      236 |           });
      237 |       });

      at Object.<anonymous> (src/modules/auth/guards/jwt-auth-guard.e2e.spec.ts:234:12)
      ----
      at src/modules/auth/guards/jwt-auth-guard.e2e.spec.ts:235:38
      at node_modules/.pnpm/supertest@7.1.4/node_modules/supertest/lib/test.js:365:13
      at Test._assertFunction (node_modules/.pnpm/supertest@7.1.4/node_modules/supertest/lib/test.js:342:13)
      at Test.assert (node_modules/.pnpm/supertest@7.1.4/node_modules/supertest/lib/test.js:195:23)
      at localAssert (node_modules/.pnpm/supertest@7.1.4/node_modules/supertest/lib/test.js:138:14)
      at Server.<anonymous> (node_modules/.pnpm/supertest@7.1.4/node_modules/supertest/lib/test.js:152:11)

  ● JwtAuthGuard (E2E) › JWT Refresh Token 인증 › 성공 케이스 › 유효한 Refresh Token으로 refresh 엔드포인트에 접근한다

    expected 201 "Created", got 401 "Unauthorized"

      323 |           .post('/test/auth/refresh')
      324 |           .set('Authorization', `Bearer ${refreshToken}`)
    > 325 |           .expect(201)
          |            ^
      326 |           .expect((res) => {
      327 |             expect(res.body.message).toBe('refresh endpoint');
      328 |             expect(res.body.user).toMatchObject({

      at Object.<anonymous> (src/modules/auth/guards/jwt-auth-guard.e2e.spec.ts:325:12)
      ----
      at Test._assertStatus (node_modules/.pnpm/supertest@7.1.4/node_modules/supertest/lib/test.js:309:14)
      at node_modules/.pnpm/supertest@7.1.4/node_modules/supertest/lib/test.js:365:13
      at Test._assertFunction (node_modules/.pnpm/supertest@7.1.4/node_modules/supertest/lib/test.js:342:13)
      at Test.assert (node_modules/.pnpm/supertest@7.1.4/node_modules/supertest/lib/test.js:195:23)
      at localAssert (node_modules/.pnpm/supertest@7.1.4/node_modules/supertest/lib/test.js:138:14)
      at Server.<anonymous> (node_modules/.pnpm/supertest@7.1.4/node_modules/supertest/lib/test.js:152:11)

  ● JwtAuthGuard (E2E) › JWT Refresh Token 인증 › 실패 케이스 › Access Token으로 접근하면 401 에러를 반환한다

    expect(received).toContain(expected) // indexOf

    Expected substring: "유효하지 않은 토큰 타입"
    Received string:    "jwt 인증오류: invalid signature"

      354 |           .set('Authorization', `Bearer ${accessToken}`)
      355 |           .expect(401)
    > 356 |           .expect((res) => {
          |            ^
      357 |             expect(res.body.message).toContain('유효하지 않은 토큰 타입');
      358 |           });
      359 |       });

      at Object.<anonymous> (src/modules/auth/guards/jwt-auth-guard.e2e.spec.ts:356:12)
      ----
      at src/modules/auth/guards/jwt-auth-guard.e2e.spec.ts:357:38
      at node_modules/.pnpm/supertest@7.1.4/node_modules/supertest/lib/test.js:365:13
      at Test._assertFunction (node_modules/.pnpm/supertest@7.1.4/node_modules/supertest/lib/test.js:342:13)
      at Test.assert (node_modules/.pnpm/supertest@7.1.4/node_modules/supertest/lib/test.js:195:23)
      at localAssert (node_modules/.pnpm/supertest@7.1.4/node_modules/supertest/lib/test.js:138:14)
      at Server.<anonymous> (node_modules/.pnpm/supertest@7.1.4/node_modules/supertest/lib/test.js:152:11)

  ● JwtAuthGuard (E2E) › JWT Refresh Token 인증 › 실패 케이스 › 만료된 Refresh Token이면 401 에러를 반환한다

    expect(received).toContain(expected) // indexOf

    Expected substring: "jwt expired"
    Received string:    "jwt 인증오류: invalid signature"

      375 |           .set('Authorization', `Bearer ${expiredRefreshToken}`)
      376 |           .expect(401)
    > 377 |           .expect((res) => {
          |            ^
      378 |             expect(res.body.message).toContain('jwt expired');
      379 |           });
      380 |       });

      at Object.<anonymous> (src/modules/auth/guards/jwt-auth-guard.e2e.spec.ts:377:12)
      ----
      at src/modules/auth/guards/jwt-auth-guard.e2e.spec.ts:378:38
      at node_modules/.pnpm/supertest@7.1.4/node_modules/supertest/lib/test.js:365:13
      at Test._assertFunction (node_modules/.pnpm/supertest@7.1.4/node_modules/supertest/lib/test.js:342:13)
      at Test.assert (node_modules/.pnpm/supertest@7.1.4/node_modules/supertest/lib/test.js:195:23)
      at localAssert (node_modules/.pnpm/supertest@7.1.4/node_modules/supertest/lib/test.js:138:14)
      at Server.<anonymous> (node_modules/.pnpm/supertest@7.1.4/node_modules/supertest/lib/test.js:152:11)

  ● JwtAuthGuard (E2E) › JWT Refresh Token 인증 › 실패 케이스 › Refresh Token이 없으면 401 에러를 반환한다

    expect(received).toContain(expected) // indexOf

    Expected substring: "Refresh Token이 유효하지 않습니다"
    Received string:    "jwt 인증오류: No auth token"

      384 |           .post('/test/auth/refresh')
      385 |           .expect(401)
    > 386 |           .expect((res) => {
          |            ^
      387 |             expect(res.body.message).toContain(
      388 |               'Refresh Token이 유효하지 않습니다',
      389 |             );

      at Object.<anonymous> (src/modules/auth/guards/jwt-auth-guard.e2e.spec.ts:386:12)
      ----
      at src/modules/auth/guards/jwt-auth-guard.e2e.spec.ts:387:38
      at node_modules/.pnpm/supertest@7.1.4/node_modules/supertest/lib/test.js:365:13
      at Test._assertFunction (node_modules/.pnpm/supertest@7.1.4/node_modules/supertest/lib/test.js:342:13)
      at Test.assert (node_modules/.pnpm/supertest@7.1.4/node_modules/supertest/lib/test.js:195:23)
      at localAssert (node_modules/.pnpm/supertest@7.1.4/node_modules/supertest/lib/test.js:138:14)
      at Server.<anonymous> (node_modules/.pnpm/supertest@7.1.4/node_modules/supertest/lib/test.js:152:11)

Test Suites: 1 failed, 1 total
Tests:       5 failed, 12 passed, 17 total
Snapshots:   0 total
Time:        1.252 s, estimated 4 s
Ran all test suites matching src/modules/auth/guards/jwt-auth-guard.e2e.spec.ts.
